
> web@0.1.0 build
> next build

node.exe :  ΓÜá Warning: Next.js inferred your workspace root, but it 
may not be correct.
At C:\Users\PC\AppData\Roaming\npm\npm.ps1:24 char:5
+     & "node$exe"  "$basedir/node_modules/npm/bin/npm-cli.js" $args
+     ~~~~~~~~~~~~~~~~~~~~~~~~~~~~~~~~~~~~~~~~~~~~~~~~~~~~~~~~~~~~~~
    + CategoryInfo          : NotSpecified: ( ΓÜá Warning: N...not b   
 e correct.:String) [], RemoteException
    + FullyQualifiedErrorId : NativeCommandError
 
 We detected multiple lockfiles and selected the directory of 
C:\Users\PC\package-lock.json as the root directory.
 To silence this warning, set `outputFileTracingRoot` in your Next.js 
config, or consider removing one of the lockfiles if it's not needed.
   See https://nextjs.org/docs/app/api-reference/config/next-config-js/
output#caveats for more information.
 Detected additional lockfiles: 
   * C:\Users\PC\Desktop\TradePlus\TradePlus\package-lock.json

   Γû▓ Next.js 15.5.6
   - Environments: .env.local

   Creating an optimized production build ...
 Γ£ô Compiled successfully in 14.8s
   Skipping linting
   Checking validity of types ...
Failed to compile.

./app/checkout/page.tsx:11:31
Type error: Property 'getTotalPrice' does not exist on type 
'CartState'.

[0m [90m  9 |[39m [36mexport[39m [36mdefault[39m 
[36mfunction[39m [33mCheckoutPage[39m() {
 [90m 10 |[39m     [36mconst[39m router [33m=[39m 
useRouter()[33m;[39m
[31m[1m>[22m[39m[90m 11 |[39m     [36mconst[39m { 
items[33m,[39m clearCart[33m,[39m getTotalPrice } [33m=[39m 
useCartStore()[33m;[39m
 [90m    |[39m                               [31m[1m^[22m[39m
 [90m 12 |[39m     [36mconst[39m { user } [33m=[39m 
useAuthStore()[33m;[39m
 [90m 13 |[39m     [36mconst[39m [isProcessing[33m,[39m 
setIsProcessing] [33m=[39m useState([36mfalse[39m)[33m;[39m
 [90m 14 |[39m     [36mconst[39m [step[33m,[39m setStep] 
[33m=[39m useState[33m<[39m[32m'shipping'[39m [33m|[39m 
[32m'payment'[39m [33m|[39m [32m'confirmation'[39m[33m>[39m([3
2m'shipping'[39m)[33m;[39m[0m
Next.js build worker exited with code: 1 and signal: null
npm error Lifecycle script `build` failed with error:
npm error code 1
npm error path C:\Users\PC\Desktop\TradePlus\TradePlus\apps\web
npm error workspace web@0.1.0
npm error location C:\Users\PC\Desktop\TradePlus\TradePlus\apps\web
npm error command failed
npm error command C:\Windows\system32\cmd.exe /d /s /c next build
