
> tradeplus-monorepo@1.0.0 build:api
> npm run build --workspace=apps/api


> api@0.0.1 build
> nest build

node.exe : [96msrc/auth/auth.service.ts[0m:[93m
62[0m:[93m9[0m - [91merror[0m[90m TS2322: 
[0mType '{ displayName: string | null; 
countryId: number | null; regionId: number | 
null; } | undefined' is not assignable to type '{ 
displayName?: string | undefined; countryId?: 
number | undefined; regionId?: number | 
undefined; } | undefined'.
At C:\Users\PC\AppData\Roaming\npm\npm.ps1:24 
char:5
+     & "node$exe"  
"$basedir/node_modules/npm/bin/npm-cli.js" $args
+     ~~~~~~~~~~~~~~~~~~~~~~~~~~~~~~~~~~~~~~~~~~~~
~~~~~~~~~~~~~~~~~~
    + CategoryInfo          : NotSpecified: ([96 
   msrc/auth/a...} | undefined'.:String) [], Rem  
  oteException
    + FullyQualifiedErrorId : NativeCommandError
 
  Type '{ displayName: string | null; countryId: 
number | null; regionId: number | null; }' is not 
assignable to type '{ displayName?: string | 
undefined; countryId?: number | undefined; 
regionId?: number | undefined; }'.
    Types of property 'displayName' are 
incompatible.
      Type 'string | null' is not assignable to 
type 'string | undefined'.
        Type 'null' is not assignable to type 
'string | undefined'.

[7m62[0m         profile: user.profile
[7m  [0m [91m        ~~~~~~~[0m

  [96msrc/auth/dto/auth-response.dto.ts[0m:[93m
8[0m:[93m5[0m
    [7m8[0m     profile?: {
    [7m [0m [96m    ~~~~~~~[0m
    The expected type comes from property 
'profile' which is declared here on type '{ id: 
string; email: string; role: string; profile?: { 
displayName?: string | undefined; countryId?: 
number | undefined; regionId?: number | 
undefined; } | undefined; }'
[96msrc/auth/auth.service.ts[0m:[93m114[0m:[9
3m9[0m - [91merror[0m[90m TS2322: [0mType '{ 
displayName: string | null; countryId: number | 
null; regionId: number | null; } | undefined' is 
not assignable to type '{ displayName?: string | 
undefined; countryId?: number | undefined; 
regionId?: number | undefined; } | undefined'.
  Type '{ displayName: string | null; countryId: 
number | null; regionId: number | null; }' is not 
assignable to type '{ displayName?: string | 
undefined; countryId?: number | undefined; 
regionId?: number | undefined; }'.
    Types of property 'displayName' are 
incompatible.
      Type 'string | null' is not assignable to 
type 'string | undefined'.
        Type 'null' is not assignable to type 
'string | undefined'.

[7m114[0m         profile: user.profile
[7m   [0m [91m        ~~~~~~~[0m

  [96msrc/auth/dto/auth-response.dto.ts[0m:[93m
8[0m:[93m5[0m
    [7m8[0m     profile?: {
    [7m [0m [96m    ~~~~~~~[0m
    The expected type comes from property 
'profile' which is declared here on type '{ id: 
string; email: string; role: string; profile?: { 
displayName?: string | undefined; countryId?: 
number | undefined; regionId?: number | 
undefined; } | undefined; }'
[96msrc/barter/barter.service.ts[0m:[93m453[0m
:[93m31[0m - [91merror[0m[90m TS2551: 
[0mProperty 'listing' does not exist on type '{ 
message: string | null; id: string; status: 
string; createdAt: Date; updatedAt: Date; 
currencyCode: string; sellerId: string; 
listingId: string; offeredCashCents: bigint | 
null; buyerId: string; expiresAt: Date | null; 
}'. Did you mean 'listingId'?

[7m453[0m           listingTitle: 
offer.listing.title,
[7m   [0m [91m                              
~~~~~~~[0m
[96msrc/listings/dto/update-listing.dto.ts[0m:[
93m1[0m:[93m29[0m - [91merror[0m[90m 
TS2307: [0mCannot find module 
'@nestjs/mapped-types' or its corresponding type 
declarations.

[7m1[0m import { PartialType } from 
'@nestjs/mapped-types';
[7m [0m [91m                            
~~~~~~~~~~~~~~~~~~~~~~[0m
[96msrc/listings/listings.service.ts[0m:[93m259
[0m:[93m13[0m - [91merror[0m[90m TS2339: 
[0mProperty 'imageUrls' does not exist on type 
'UpdateListingDto'.

[7m259[0m     const { imageUrls, priceCents, 
...listingData } = dto;
[7m   [0m [91m            ~~~~~~~~~[0m
[96msrc/listings/listings.service.ts[0m:[93m259
[0m:[93m24[0m - [91merror[0m[90m TS2339: 
[0mProperty 'priceCents' does not exist on type 
'UpdateListingDto'.

[7m259[0m     const { imageUrls, priceCents, 
...listingData } = dto;
[7m   [0m [91m                       
~~~~~~~~~~[0m
[96msrc/orders/orders.service.ts[0m:[93m93[0m:
[93m32[0m - [91merror[0m[90m TS18047: 
[0m'item.barterOffer.offeredCashCents' is 
possibly 'null'.

[7m93[0m             totalPriceCents += 
item.barterOffer.offeredCashCents;
[7m  [0m [91m                               
~~~~~~~~~~~~~~~~~~~~~~~~~~~~~~~~~[0m
[96msrc/orders/orders.service.ts[0m:[93m172[0m
:[93m19[0m - [91merror[0m[90m TS2345: 
[0mArgument of type '{ barterOffer: ({ items: ({ 
offeredListing: { images: { id: string; url: 
string; sortOrder: number; listingId: string; 
}[]; } & { countryId: number | null; regionId: 
number | null; id: string; ... 16 more ...; 
sellerId: string; }; } & { ...; })[]; } & { ...; 
}) | null; seller: { ...; } & { ...; }; buyer: { 
...; } & ...' is not assignable to parameter of 
type 'never'.

[7m172[0m       orders.push(order);
[7m   [0m [91m                  ~~~~~[0m
[96msrc/orders/orders.service.ts[0m:[93m219[0m
:[93m7[0m - [91merror[0m[90m TS2698: 
[0mSpread types may only be created from object 
types.

[7m219[0m       ...order,
[7m   [0m [91m      ~~~~~~~~[0m
[96msrc/orders/orders.service.ts[0m:[93m220[0m
:[93m37[0m - [91merror[0m[90m TS2339: 
[0mProperty 'totalPriceCents' does not exist on 
type 'never'.

[7m220[0m       totalPriceCents: 
Number(order.totalPriceCents),
[7m   [0m [91m                                 
   ~~~~~~~~~~~~~~~[0m
[96msrc/orders/orders.service.ts[0m:[93m221[0m
:[93m20[0m - [91merror[0m[90m TS2339: 
[0mProperty 'items' does not exist on type 
'never'.

[7m221[0m       items: order.items.map((item) 
=> ({
[7m   [0m [91m                   ~~~~~[0m
[96msrc/orders/orders.service.ts[0m:[93m225[0m
:[93m26[0m - [91merror[0m[90m TS2339: 
[0mProperty 'barterOffer' does not exist on type 
'never'.

[7m225[0m       barterOffer: order.barterOffer
[7m   [0m [91m                         
~~~~~~~~~~~[0m
[96msrc/orders/orders.service.ts[0m:[93m227[0m
:[93m22[0m - [91merror[0m[90m TS2339: 
[0mProperty 'barterOffer' does not exist on type 
'never'.

[7m227[0m             ...order.barterOffer,
[7m   [0m [91m                     
~~~~~~~~~~~[0m
[96msrc/orders/orders.service.ts[0m:[93m228[0m
:[93m44[0m - [91merror[0m[90m TS2339: 
[0mProperty 'barterOffer' does not exist on type 
'never'.

[7m228[0m             offeredCashCents: 
Number(order.barterOffer.offeredCashCents),
[7m   [0m [91m                                 
          ~~~~~~~~~~~[0m

Found 14 error(s).

npm error Lifecycle script `build` failed with 
error:
npm error code 1
npm error path 
C:\Users\PC\Desktop\TradePlus\TradePlus\apps\api
npm error workspace api@0.0.1
npm error location 
C:\Users\PC\Desktop\TradePlus\TradePlus\apps\api
npm error command failed
npm error command C:\Windows\system32\cmd.exe /d 
/s /c nest build
