
> web@0.1.0 build
> next build

node.exe :  ΓÜá `devIndicators.appIsrStatus` is 
deprecated and no longer configurable. Please 
remove it from next.config.js.
At C:\Users\PC\AppData\Roaming\npm\npm.ps1:24 
char:5
+     & "node$exe"  
"$basedir/node_modules/npm/bin/npm-cli.js" $args
+     ~~~~~~~~~~~~~~~~~~~~~~~~~~~~~~~~~~~~~~~~~~
~~~~~~~~~~~~~~~~~~~~
    + CategoryInfo          : NotSpecified: ( Γ 
   Üá `devIndica...next.config.js.:String) [],  
   RemoteException
    + FullyQualifiedErrorId : NativeCommandErro 
   r
 
 ΓÜá `devIndicators.buildActivity` is 
deprecated and no longer configurable. Please 
remove it from next.config.js.
 ΓÜá Warning: Next.js inferred your workspace 
root, but it may not be correct.
 We detected multiple lockfiles and selected 
the directory of C:\Users\PC\package-lock.json 
as the root directory.
 To silence this warning, set 
`outputFileTracingRoot` in your Next.js config, 
or consider removing one of the lockfiles if 
it's not needed.
   See https://nextjs.org/docs/app/api-reference
/config/next-config-js/output#caveats for more 
information.
 Detected additional lockfiles: 
   * C:\Users\PC\Desktop\TradePlus\TradePlus\pac
kage-lock.json

   Γû▓ Next.js 15.5.6
   - Environments: .env.local

   Creating an optimized production build ...
Failed to compile.

./components/onboarding/StepIdentity.tsx
Module not found: Can't resolve 'react-webcam'

https://nextjs.org/docs/messages/module-not-foun
d

Import trace for requested module:
./app/onboarding/page.tsx


> Build failed because of webpack errors
npm error Lifecycle script `build` failed with 
error:
npm error code 1
npm error path 
C:\Users\PC\Desktop\TradePlus\TradePlus\apps\web
npm error workspace web@0.1.0
npm error location 
C:\Users\PC\Desktop\TradePlus\TradePlus\apps\web
npm error command failed
npm error command C:\Windows\system32\cmd.exe 
/d /s /c next build
